// Jest Snapshot v1, https://goo.gl/fbAQLP

exports[`Error Page Snapshot should render forming a snapshot 1`] = `
<DocumentFragment>
  <div
    class="container--error"
    data-testid="error-page"
  >
    <img
      alt="main_image"
      src="https://i.imgur.com/qIufhof.png"
    />
    <h1>
      <span>
        500
      </span>
       
      <br />
      Internal server error
    </h1>
    <p>
      We are currently trying to fix the problem.
    </p>
  </div>
</DocumentFragment>
`;
